netman@netman:~$ snmpget -v 1 -c public 10.0.0.1 ifOperStatus.1
IF-MIB::ifOperStatus.1 = INTEGER: up(1)
netman@netman:~$ snmpget -v 1 -c public 10.0.0.1 ifPhysAddress.1
IF-MIB::ifPhysAddress.1 = STRING: cc:2:5:35:0:0
netman@netman:~$ snmpget -v 1 -c public 10.0.0.1 ipAdEntAddr.10.0.0.1
IP-MIB::ipAdEntAddr.10.0.0.1 = IpAddress: 10.0.0.1

netman@netman:~$ snmpget -v 1 -c public 10.0.0.1 1.3.6.1.4.1.9.3.6.6.0
SNMPv2-SMI::enterprises.9.3.6.6.0 = INTEGER: 127926272

netman@netman:~$ snmpget -v 1 -c public 10.0.0.2 ifPhysAddress.1
IF-MIB::ifPhysAddress.1 = STRING: cc:4:5:35:0:0
netman@netman:~$ snmpget -v 1 -c public 10.0.0.2 ipAdEntAddr.10.0.0.2
IP-MIB::ipAdEntAddr.10.0.0.2 = IpAddress: 10.0.0.2
netman@netman:~$ snmpget -v 1 -c public 10.0.0.2 ifOperStatus.1
IF-MIB::ifOperStatus.1 = INTEGER: up(1)

netman@netman:~$ snmpget -v 1 -c public 192.168.1.5 ifOperStatus.2
IF-MIB::ifOperStatus.2 = INTEGER: up(1)
netman@netman:~$ snmpget -v 1 -c public 192.168.1.5 ipAdEntAddr.192.168.1.5
IP-MIB::ipAdEntAddr.192.168.1.5 = IpAddress: 192.168.1.5
netman@netman:~$ snmpget -v 1 -c public 192.168.1.5 ifPhysAddr.2
ifPhysAddr.2: Unknown Object Identifier (Sub-id not found: (top) -> ifPhysAddr)
netman@netman:~$ snmpget -v 1 -c public 192.168.1.5 ifPhysAddress.2
IF-MIB::ifPhysAddress.2 = STRING: cc:3:5:35:0:10

netman@netman:~$ snmpget -v 1 -c public 10.0.0.3 ifOperStatus.1
IF-MIB::ifOperStatus.1 = INTEGER: up(1)
netman@netman:~$ snmpget -v 1 -c public 10.0.0.3 ipAdEntAddr.10.0.0.3
IP-MIB::ipAdEntAddr.10.0.0.3 = IpAddress: 10.0.0.3
netman@netman:~$ snmpget -v 1 -c public 10.0.0.3 ifPhysAddress.1
IF-MIB::ifPhysAddress.1 = STRING: cc:3:5:35:0:0

netman@netman:~$ snmpget -v 1 -c public 192.168.1.4 ifOperStatus.2
IF-MIB::ifOperStatus.2 = INTEGER: up(1)
netman@netman:~$ snmpget -v 1 -c public 192.168.1.4 ifPhysAddress.2
IF-MIB::ifPhysAddress.2 = STRING: cc:4:5:35:0:10
netman@netman:~$ snmpget -v 1 -c public 192.168.1.4 ipAdEntAddr.192.168.1.4
IP-MIB::ipAdEntAddr.192.168.1.4 = IpAddress: 192.168.1.4

netman@netman:~$ snmpget -v 1 -c public 192.168.1.6 ipAdEntAddr.192.168.1.6
IP-MIB::ipAdEntAddr.192.168.1.6 = IpAddress: 192.168.1.6
netman@netman:~$ snmpget -v 1 -c public 192.168.1.6 ifPhysAddress.2
IF-MIB::ifPhysAddress.2 = STRING: cc:0:5:35:0:10
netman@netman:~$ snmpget -v 1 -c public 192.168.1.6 ifOperStatus.2
IF-MIB::ifOperStatus.2 = INTEGER: up(1)

netman@netman:~$ snmpget -v 1 -c public 198.51.100.3 ifOperStatus.2
IF-MIB::ifOperStatus.2 = INTEGER: up(1)
netman@netman:~$ snmpget -v 1 -c public 198.51.100.3 ifPhysAddress.2
IF-MIB::ifPhysAddress.2 = STRING: cc:0:5:35:0:10
netman@netman:~$ snmpget -v 1 -c public 198.51.100.3 ipAdEntAddr.198.51.100.3
IP-MIB::ipAdEntAddr.198.51.100.3 = IpAddress: 198.51.100.3

netman@netman:~$ snmpget -v 1 -c public 192.168.1.1 ifPhysAddress.1
IF-MIB::ifPhysAddress.1 = STRING: cc:1:5:35:0:0
netman@netman:~$ snmpget -v 1 -c public 192.168.1.1 ifOperStatus.1
IF-MIB::ifOperStatus.1 = INTEGER: up(1)
netman@netman:~$ snmpget -v 1 -c public 192.168.1.1 ipAdEntAddr.192.168.1.1
IP-MIB::ipAdEntAddr.192.168.1.1 = IpAddress: 192.168.1.1
